
[1m[7m[36m RUN [39m[27m[22m [36mv2.1.9 [39m[90mC:/Users/huoying/code/lonny-agent[39m

[2m23:20:52[22m [33m[1m[vite][22m[39m [33mwarning: [33mUnrecognized target environment "ES2024"[33m
1  |  import * as fs from 'node:fs'
   |                               ^
2  |  import * as path from 'node:path'
3  |  import { afterAll, beforeAll, describe, expect, it } from 'vitest'
[39m
  Plugin: [35mvite:esbuild[39m
  File: [36mC:/Users/huoying/code/lonny-agent/src/tools/__tests__/edit.test.ts[39m
[2m23:20:52[22m [33m[1m[vite][22m[39m [33mwarning: [33mUnrecognized target environment "ES2024"[33m
1  |  import * as fs from 'node:fs'
   |                               ^
2  |  import * as path from 'node:path'
3  |  
[39m
  Plugin: [35mvite:esbuild[39m
  File: [36mC:/Users/huoying/code/lonny-agent/src/diff/apply.ts[39m
[2m23:20:52[22m [33m[1m[vite][22m[39m [33mwarning: [33mUnrecognized target environment "ES2024"[33m
1  |  import * as fs from 'node:fs'
   |                               ^
2  |  import * as path from 'node:path'
3  |  import type { FileReadTracker } from '../diff/apply.js'
[39m
  Plugin: [35mvite:esbuild[39m
  File: [36mC:/Users/huoying/code/lonny-agent/src/tools/edit.ts[39m
[2m23:20:53[22m [33m[1m[vite][22m[39m [33mwarning: [33mUnrecognized target environment "ES2024"[33m
1  |  /**
2  |   * Format an unknown error value into a readable string.
   |                           ^
3  |   * Replaces the repetitive `err instanceof Error ? err.message : String(err)` pattern.
4  |   */
[39m
  Plugin: [35mvite:esbuild[39m
  File: [36mC:/Users/huoying/code/lonny-agent/src/tools/errors.ts[39m
[2m23:20:53[22m [33m[1m[vite][22m[39m [33mwarning: [33mUnrecognized target environment "ES2024"[33m
1  |  import * as fs from 'node:fs'
   |                               ^
2  |  import * as os from 'node:os'
3  |  import * as path from 'node:path'
[39m
  Plugin: [35mvite:esbuild[39m
  File: [36mC:/Users/huoying/code/lonny-agent/src/tools/__tests__/helpers.ts[39m
 [32m✓[39m src/tools/__tests__/edit.test.ts [2m([22m[2m33 tests[22m[2m)[22m[90m 67[2mms[22m[39m

[2m Test Files [22m [1m[32m1 passed[39m[22m[90m (1)[39m
[2m      Tests [22m [1m[32m33 passed[39m[22m[90m (33)[39m
[2m   Start at [22m 23:20:52
[2m   Duration [22m 641ms[2m (transform 105ms, setup 0ms, collect 187ms, tests 67ms, environment 0ms, prepare 161ms)[22m

